---
source: src/ui/draw.rs
expression: text
---
┌────────────────────────────────────────────────────────────────────────────────────────────────────────────────────────────────────────────────────────────────[ ] move┐
│  GATE ──▶ TS-808 ──▶ AMP+CAB ──▶ REVERB ──▶ OUTPUT                                                                   IN ▐░░░░░░░░░░▌          OUT ▐░░░░░░░░░▌          │
└────────────────────────────────────────────────────────────────────────────────────────────────────────────────────────────────────────────────────────────────────────┘
┏┤ MESA DUAL RECTIFIER ├━━━━━━━━━━━━━━━━━━━━━━━━━━━━━━━━━━━━━━━━━━━━━━━━━━━━━━━━━━━━━━━━━━━━━━━━━━━━━━━━━━━━━━━━━━━━━━┓┏━━━━━━━━━━━━━━━━━━━━━━━━━━━━━━━━━━━┤ 🎙 MESA V30 ├┓
┃  AMP  [ JCM800 ]  ◀ DUAL RECT ▶  [ RANDALL ]  [ AC30 ]  [ DR103 ]  ↑/↓  A                                           ┃┃  CAB  ◀ MESA V30 ▶  [ MARSH GB ]  [ ORANGE ]  [ ┃
┃                                                                                                                     ┃┃                                                 ┃
┃         ···                ···                 ···                ··◇                 ◇··                ·◇·        ┃┃       ◇··             ···              ···      ┃
┃        · ● ◇              · ● ·               · ● ·              · ● ·               · ● ·              · ● ·       ┃┃      · ● ·           · ● ·            · ● ·     ┃
┃         · ·                · ◇      ╔ S A V E   P R E S E T ════════════════════════════════════════════════════════════════════╗            ◇ ·              ◇ ·      ┃
┃      GAIN 7.5           BASS 10.0   ║Name:                                                                                      ║0        BLEND 0.0        ROOM 0.0    ┃
┃                                     ║My Lead█                                                                                   ║                                      ┃
┃                                     ║───────────────────────────────────────────────────────────────────────────────────────────║                                      ┃
┃▚▞▚▞▚▞▚▞▚▞▚▞▚▞▚▞▚▞▚▞▚▞▚▞▚▞▚▞▚▞▚▞▚▞▚▞▚║                                                                                           ║▞▚▞▚▞▚▞▚▞▚▞▚▞▚▞▚▞▚▞▚▞▚▞▚▞▚▞▚▞▚▞▚▞▚▞▚▞▚┃
┗━━━━━━━━━━━━━━━━━━━━━━━━━━━━━━━━━━━━━║Description (optional):                                                                    ║━━━━━━━━━━━━━━━━━━━━━━━━━━━━━━━━━━━━━━┛
┌ GUITAR RIG ─────────────────────────║warm mid-gain                                                                              ║──────────────────────────────────────┐
│┌ NOISE GATE ◉ ──────────────────────║───────────────────────────────────────────────────────────────────────────────────────────║ADD ─────────────────────────────────┐│
││                2.0  3.0            ║                                                                                           ║                ＋                    ││
│└────────────────────────────────────║                                                                                           ║─────────────────────────────────────┘│
││├───────────────────────────────────║                                                                                           ║────────────────────────────────────┤││
││SELECT A PEDAL — ←→                 ║                                                                                           ║                                     ││
││                                    ║                                                                                           ║                                     ││
││                                    ║                                                                                           ║                                     ││
││                                    ║                                                                                           ║                                     ││
││                                    ║                                                                                           ║                                     ││
││                                    ║                                                                                           ║                                     ││
│└────────────────────────────────────║                                                                                           ║─────────────────────────────────────┘│
└─────────────────────────────────────║                                                                                           ║──────────────────────────────────────┘
                                      ║                                                                                           ║                                       
                                      ║                                                                                           ║                                       
                                      ║                                                                                           ║                                       
                                      ║                                                                                           ║                                       
                                      ║                                                                                           ║                                       
                                      ║                                                                                           ║                                       
                                      ║                                                                                           ║                                       
                                      ║                                                                                           ║                                       
                                      ║                                                                                           ║                                       
                                      ║                                                                                           ║                                       
                                      ║                                                                                           ║                                       
                                      ║                                                                                           ║                                       
                                      ║                                                                                           ║                                       
                                      ║                                                                                           ║                                       
                                      ║                                                                                           ║                                       
                                      ║                                                                                           ║                                       
                                      ║                                                                                           ║                                       
                                      ║                          Tab next field  Enter save  Esc cancel                           ║                                       
                                      ╚═══════════════════════════════════════════════════════════════════════════════════════════╝
