---
source: src/ui/draw.rs
expression: text
---
╔════════════════════════════════════════════════════════════════════════════════════════════════════════════════════════════════════════════════════════════════════════╗
║  R U S T Y  A M P  v0.2.14  ▐  MESA DUAL RECTIFIER  ▐  MESA 4×12 (V30)  ▐  ● POWER ON  ▐  ○ OFF AIR                                                                    ║
║  GATE ──▶ TS-808 ──▶ AMP ──▶ CAB ──▶ REVERB ──▶ OUTPUT                                                                                                                 ║
║════════════════════════════════════════════════════════════════════════════════════════════════════════════════════════════════════════════════════════════════════════║
║  INPUT  ▐░░░░░░░░░░░░░░░░░░░░░░░░░░░░░░░░░░░░░░░░░░░░░░░░░░░░░░░░░░░░░░░░░░░░░░░░░░░░░░░░░░░░░░░░░░░░░░░░░░░░░░░░░░░░░░░░░░░░░░░░░░░░░░░░░░░░░░░░░░░░░░░░░░░▌          ║
║ OUTPUT  ▐░░░░░░░░░░░░░░░░░░░░░░░░░░░░░░░░░░░░░░░░░░░░░░░░░░░░░░░░░░░░░░░░░░░░░░░░░░░░░░░░░░░░░░░░░░░░░░░░░░░░░░░░░░░░░░░░░░░░░░░░░░░░░░░░░░░░░░░░░░░░░░░░░░░▌          ║
║         -60        -48        -36        -24        -12       -6     0 dB    0W  -120.0 dB                                                                             ║
║┏━━━━━━━━━━━━━━━━━━━━━━━━━━━━━━━━━━━━━━━━━━━━━━━━━━━━━━━━━━━━━━━━━━━━━━━━━━━━━━━━━━━━━━━━━━━━━━━━━━━━━━━━━━━━━━━━━━━━━━━━━━━━━━━━━━━━━━━━━━━━━━━━━━━━━━━━━━━━━━━━━━━━━━┓║
║┃  AMP  [ JCM800 ]  ◀ DUAL RECT ▶  [ RANDALL ]  [ AC30 ]  [ DR103 ]                   CAB  ◀ MESA V30 ▶  [ MARSH GB ]  [ ORANGE ]  [ WEM FANE ]                        ┃║
║┗━━━━━━━━━━━━━━━━━━━━━━━━━━━━━━━━━━━━━━━━━━━━━━━━━━━━━━━━━━━━━━━━━━━━━━━━━━━━━━━━━━━━━━━━━━━━━━━━━━━━━━━━━━━━━━━━━━━━━━━━━━━━━━━━━━━━━━━━━━━━━━━━━━━━━━━━━━━━━━━━━━━━━━┛║
║┏┤ MESA DUAL RECTIFIER ├━━━━━━━━━━━━━━━━━━━━━━━━━━━━━━━━━━━━━━━━━━━━━━━━━━━━━━━━━━━━━━━━━━━━━━━━━━━━━━━━━━━━━━━━━━━━━━━━━━━━━━━━━━━━━━━━━━━━━━━━━━━━━━━━━┤ 🎙 MESA V30 ├┓║
║┃          ···                    ···                   ···                    ··◇                    ◇··                   ·◇·              ◇··       ···       ···   ┃║
║┃         · ● ◇                  · ● ·                 · ● ·                  · ● ·                  · ● ·                 · ● ·            · ● ·     · ● ·     · ● ·  ┃║
║┃          · ·                    · ◇                   ◇ ·                    · ·                    · ·                   · ·              · ·       ◇ ·       ◇ ·   ┃║
║┃       GAIN 7.5               BASS 10.0              MID 0.0              TREBLE 6.5            PRESENCE 4.0           MASTER 5.5         MIC 4.0  BLEND 0.0 ROOM 0.0 ┃║
║┃▚▞▚▞▚▞▚▞▚▞▚▞▚▞▚▞▚▞▚▞▚▞▚▞▚▞▚▞▚▞▚▞▚▞▚▞▚▞▚▞▚▞▚▞▚▞▚▞▚▞▚▞▚▞▚▞▚▞▚▞▚▞▚▞▚▞▚▞▚▞▚▞▚▞▚▞▚▞▚▞▚▞▚▞▚▞▚▞▚▞▚▞▚▞▚▞▚▞▚▞▚▞▚▞▚▞▚▞▚▞▚▞▚▞▚▞▚▞▚▞▚▞▚▞▚▞▚▞▚▞▚▞▚▞▚▞▚▞▚▞▚▞▚▞▚▞▚▞▚▞▚▞▚▞▚▞▚▞▚▞▚▞▚▞▚▞┃║
║┗━━━━━━━━━━━━━━━━━━━━━━━━━━━━━━━━━━━━━━━━━━━━━━━━━━━━━━━━━━━━━━━━━━━━━━━━━━━━━━━━━━━━━━━━━━━━━━━━━━━━━━━━━━━━━━━━━━━━━━━━━━━━━━━━━━━━━━━━━━━━━━━━━━━━━━━━━━━━━━━━━━━━━━┛║
║┌ GUITAR RIG ──────────────────────────────────────────────────────────────────────────────────────────────────────────────────────────────────────────────────────────┐║
║│╔ NOISE GATE ◉ ══════════════════════════╗╔ TS-808 ◉ ═════════════════════════════╗╔ SPRING REVERB ◉ ═══════════════════════╗╔ + ADD ════════════════════════════════╗│║
║│║                2.0  3.0                ║║             4.5  6.0  7.0             ║║              5.5  4.0  2.5             ║║                  ＋                    ║│║
║│║                ▗▄▄▄▄▄▄▄▖               ║║               ▗▄▄▄▄▄▄▄▖               ║║                ▗▄▄▄▄▄▄▄▖               ║║                                       ║│║
║│╚════════════════════════════════════════╝╚═══════════════════════════════════════╝╚════════════════════════════════════════╝╚═══════════════════════════════════════╝│║
║│┏┤ EDITING: NOISE GATE ├━━━━━━━━━━━━━━━━━━━━━━━━━━━━━━━━━━━━━━━━━━━━━━━━━━━━━━━━━━━━━━━━━━━━━━━━━━━━━━━━━━━━━━━━━━━━━━━━━━━━━━━━━━━━━━━━━━━━━━━━━━━━━━━━━━━━━━━━━━━━━┓│║
║│┃                                      ·······                                                                           ·······                                     ┃│║
║│┃                                     ···   ···                                                                         ·◇·   ···                                    ┃│║
║│┃                                     ◆·  ●  ··                                                                         ··  ●  ··                                    ┃│║
║│┃                                     ···   ···                                                                         ···   ···                                    ┃│║
║│┃                                      ··   ··                                                                           ··   ··                                     ┃│║
║│┃                                                                                                                                                                    ┃│║
║│┃                                                                                                                                                                    ┃│║
║│┃                                                                                                                                                                    ┃│║
║│┃                                                                                                                                                                    ┃│║
║│┃                                                                                                                                                                    ┃│║
║│┃                                                                                                                                                                    ┃│║
║│┃                                                                                                                                                                    ┃│║
║│┃                                                                                                                                                                    ┃│║
║│┃                                                                                                                                                                    ┃│║
║│┃                                                                                                                                                                    ┃│║
║│┃                                                                                                                                                                    ┃│║
║│┃                                                                                                                                                                    ┃│║
║│┃                                                                                                                                                                    ┃│║
║│┃                                                                                                                                                                    ┃│║
║│┃                                                                                                                                                                    ┃│║
║│┃                                                                                                                                                                    ┃│║
║│┃                                                                                                                                                                    ┃│║
║│┃                                                                                                                                                                    ┃│║
║│┃                                                                                                                                                                    ┃│║
║│┃                                                                                                                                                                    ┃│║
║│┃                                                                                                                                                                    ┃│║
║│┃                                    THRESH 2.0                                                                        RELEASE 3.0                                   ┃│║
║│┃                                                                          ▐ ON ▌  ▗▄▄▄▄▄▄▄▖                                                                         ┃│║
║│┗━━━━━━━━━━━━━━━━━━━━━━━━━━━━━━━━━━━━━━━━━━━━━━━━━━━━━━━━━━━━━━━━━━━━━━━━━━━━━━━━━━━━━━━━━━━━━━━━━━━━━━━━━━━━━━━━━━━━━━━━━━━━━━━━━━━━━━━━━━━━━━━━━━━━━━━━━━━━━━━━━━━━┛│║
║└──────────────────────────────────────────────────────────────────────────────────────────────────────────────────────────────────────────────────────────────────────┘║
║                                                                          K keybindings  Q quit                                                                         ║
╚════════════════════════════════════════════════════════════════════════════════════════════════════════════════════════════════════════════════════════════════════════╝
