---
source: src/ui/draw.rs
expression: text
---
  GATE ──▶ TS-808 ──▶ AMP+CAB ──▶ REVERB ──▶ OUTPUT                                  IN ▐░░░░░░░░░░░░░░░░░░░░░░░░░░░░▌          OUT ▐░░░░░░░░░░░░░░░░░░░░░░░░░░▌          
══════════════════════════════════════════════════════════════════════════════════════════════════════════════════════════════════════════════════════════════════════════
┏┤ MESA DUAL RECTIFIER ├━━━━━━━━━━━━━━━━━━━━━━━━━━━━━━━━━━━━━━━━━━━━━━━━━━━━━━━━━━━━━━━━━━━━━━━━━━━━━━━━━━━━━━━━━━━━━━━━━━━━━━━━━━━━━━━━━━━━━━━━━━━━━━━━━━━┤ 🎙 MESA V30 ├┓
┃  AMP  [ JCM800 ]  ◀ DUAL RECT ▶  [ RANDALL ]  [ AC30 ]  [ DR103 ]  ↑/↓  A            CAB  ◀ MESA V30 ▶  [ MARSH GB ]  [ ORANGE ]  [ WEM FANE ]  C to toggle            ┃
┃          ···                    ···                    ···                    ··◇                    ◇··                    ·◇·              ◇··       ···       ···   ┃
┃         · ● ◇                  · ● ·                  · ● ·                  · ● ·                  · ● ·                  · ● ·            · ● ·     · ● ·     · ● ·  ┃
┃          · ·                    · ◇                    ◇ ·                    · ·                    · ·                    · ·              · ·       ◇ ·       ◇ ·   ┃
┃       GAIN 7.5               BASS 10.0               MID 0.0              TREBLE 6.5            PRESENCE 4.0            MASTER 5.5         MIC 4.0  BLEND 0.0 ROOM 0.0 ┃
┃▚▞▚▞▚▞▚▞▚▞▚▞▚▞▚▞▚▞▚▞▚▞▚▞▚▞▚▞▚▞▚▞▚▞▚▞▚╔ S A V E   P R E S E T ════════════════════════════════════════════════════════════════════╗▚▞▚▞▚▞▚▞▚▞▚▞▚▞▚▞▚▞▚▞▚▞▚▞▚▞▚▞▚▞▚▞▚▞▚▞▚▞┃
┗━━━━━━━━━━━━━━━━━━━━━━━━━━━━━━━━━━━━━║Name:                                                                                      ║━━━━━━━━━━━━━━━━━━━━━━━━━━━━━━━━━━━━━━┛
┌ GUITAR RIG ─────────────────────────║My Lead█                                                                                   ║──────────────────────────────────────┐
│╔ NOISE GATE ◉ ══════════════════════║───────────────────────────────────────────────────────────────────────────────────────────║ADD ═════════════════════════════════╗│
│║                2.0  3.0            ║                                                                                           ║                ＋                    ║│
│║                ▗▄▄▄▄▄▄▄▖           ║Description (optional):                                                                    ║                                     ║│
│╚════════════════════════════════════║warm mid-gain                                                                              ║═════════════════════════════════════╝│
│┏┤ SELECT A PEDAL — ←→ ├━━━━━━━━━━━━━║───────────────────────────────────────────────────────────────────────────────────────────║━━━━━━━━━━━━━━━━━━━━━━━━━━━━━━━━━━━━━┓│
│┃                                    ║                                                                                           ║                                     ┃│
│┃                                    ║                                                                                           ║                                     ┃│
│┃                                    ║                                                                                           ║                                     ┃│
│┃                                    ║                                                                                           ║                                     ┃│
│┗━━━━━━━━━━━━━━━━━━━━━━━━━━━━━━━━━━━━║                                                                                           ║━━━━━━━━━━━━━━━━━━━━━━━━━━━━━━━━━━━━━┛│
└─────────────────────────────────────║                                                                                           ║──────────────────────────────────────┘
                                      ║                                                                                           ║                                       
                                      ║                                                                                           ║                                       
                                      ║                                                                                           ║                                       
                                      ║                                                                                           ║                                       
                                      ║                                                                                           ║                                       
                                      ║                                                                                           ║                                       
                                      ║                                                                                           ║                                       
                                      ║                                                                                           ║                                       
                                      ║                                                                                           ║                                       
                                      ║                                                                                           ║                                       
                                      ║                                                                                           ║                                       
                                      ║                                                                                           ║                                       
                                      ║                                                                                           ║                                       
                                      ║                                                                                           ║                                       
                                      ║                                                                                           ║                                       
                                      ║                                                                                           ║                                       
                                      ║                                                                                           ║                                       
                                      ║                                                                                           ║                                       
                                      ║                                                                                           ║                                       
                                      ║                                                                                           ║                                       
                                      ║                                                                                           ║                                       
                                      ║                                                                                           ║                                       
                                      ║                          Tab next field  Enter save  Esc cancel                           ║                                       
                                      ╚═══════════════════════════════════════════════════════════════════════════════════════════╝
