---
source: src/ui/draw.rs
expression: text
---
                                                                                                                                                                          
┌────────────────────────────────────────────────────────────────────────────────────────────────────────────────────────────────────────────────────────────────[ ] move┐
│  GATE ──▶ TS-808 ──▶ AMP+CAB ──▶ REVERB ──▶ OUTPUT                                                                   IN ▐░░░░░░░░░░▌          OUT ▐░░░░░░░░░▌          │
└────────────────────────────────────────────────────────────────────────────────────────────────────────────────────────────────────────────────────────────────────────┘
┏┤ MESA DUAL RECTIFIER ├━━━━━━━━━━━━━━━━━━━━━━━━━━━━━━━━━━━━━━━━━━━━━━━━━━━━━━━━━━━━━━━━━━━━━━━━━━━━━━━━━━━━━━━━━━━━━━┓┏━━━━━━━━━━━━━━━━━━━━━━━━━━━━━━━━━━━┤ 🎙 MESA V30 ├┓
┃  AMP  [ JCM800 ]  ◀ DUAL RECT ▶  [ RANDALL ]  [ AC30 ]  [ DR103 ]  ↑/↓  A                                           ┃┃  CAB  ◀ MESA V30 ▶  [ MARSH GB ]  [ ORANGE ]  [ ┃
┃                                                                                                                     ┃┃                                                 ┃
┃         ···                ···                 ···                ··◇                 ◇··                ·◇·        ┃┃       ◇··             ···              ···      ┃
┃        · ● ◇              · ● ·               · ● ·              · ● ·               · ● ·              · ● ·       ┃┃      · ● ·           · ● ·            · ● ·     ┃
┃         · ·                · ◇                 ◇ ·                · ·                 · ·                · ·        ┃┃       · ·             ◇ ·              ◇ ·      ┃
┃      GAIN 7.5           BASS 10.0            MID 0.0          TREBLE 6.5         PRESENCE 4.0        MASTER 5.5     ┃┃     MIC 4.0        BLEND 0.0        ROOM 0.0    ┃
┃                                                                                                                     ┃┃                                                 ┃
┃                                                                                                                     ┃┃                                                 ┃
┃▚▞▚▞▚▞▚▞▚▞▚▞▚▞▚▞▚▞▚▞▚▞▚▞▚▞▚▞▚▞▚▞▚▞▚▞▚▞▚▞▚▞▚▞▚▞▚▞▚▞▚▞▚▞▚▞▚▞▚▞▚▞▚▞▚▞▚▞▚▞▚▞▚▞▚▞▚▞▚▞▚▞▚▞▚▞▚▞▚▞▚▞▚▞▚▞▚▞▚▞▚▞▚▞▚▞▚▞▚▞▚▞▚▞▚▞▚┃┃▚▞▚▞▚▞▚▞▚▞▚▞▚▞▚▞▚▞▚▞▚▞▚▞▚▞▚▞▚▞▚▞▚▞▚▞▚▞▚▞▚▞▚▞▚▞▚▞▚┃
┗━━━━━━━━━━━━━━━━━━━━━━━━━━━━━━━━━━━━━━━━━━━━━━━━━━━━━━━━━━━━━━━━━━━━━━━━━━━━━━━━━━━━━━━━━━━━━━━━━━━━━━━━━━━━━━━━━━━━━┛┗━━━━━━━━━━━━━━━━━━━━━━━━━━━━━━━━━━━━━━━━━━━━━━━━━┛
┌ GUITAR RIG ────────────────────────────────────────────────────────────────────────────────────────────────────────────────────────────────────────────────────────────┐
│┌ NOISE GATE ◉ ──────────────────────────┐┌ TS-808 ◉ ──────────────────────────────┐┌ SPRING REVERB ◉ ───────────────────────┐┌ + ADD ─────────────────────────────────┐│
││                2.0  3.0                ││              4.5  6.0  7.0             ││              5.5  4.0  2.5             ││                   ＋                    ││
││                ▗▄▄▄▄▄▄▄▖               ││   ╔ A D D   P E D A L ═══════════════════════════════════════════════════════╗   ││                                        ││
│└────────────────────────────────────────┘└───║▶ WHAMMY                                                                  ║───┘└────────────────────────────────────────┘│
││├────────────────────────────────────────────║  WAH                                                                     ║────────────────────────────────────────────┤││
││SELECT A PEDAL — ←→                          ║  COMP                                                                    ║                                             ││
││                                             ║  FUZZ                                                                    ║                                             ││
││                                             ║  DS-1                                                                    ║                                             ││
││                                             ║  ML-2 METAL CORE                                                         ║                                             ││
││                                             ║  PRE-AMP EQ                                                              ║                                             ││
││                                             ║  UNI-VIBE                                                                ║                                             ││
│└─────────────────────────────────────────────║  GRAPHIC EQ                                                              ║─────────────────────────────────────────────┘│
└──────────────────────────────────────────────║  PARAMETRIC EQ                                                           ║──────────────────────────────────────────────┘
                                               ║  FLANGER                                                                 ║                                               
                                               ║  CHORUS                                                                  ║                                               
                                               ║  PHASER                                                                  ║                                               
                                               ║  TREMOLO / VIBRATO                                                       ║                                               
                                               ║  DELAY                                                                   ║                                               
                                               ║                                                                          ║                                               
                                               ║                    ↑/↓ navigate  Enter add  Esc close                    ║                                               
                                               ╚══════════════════════════════════════════════════════════════════════════╝
