---
source: src/ui/draw.rs
expression: text
---
╔════════════════════════════════════════════════════════════════════════════════════════════════════════════════════════════════════════════════════════════════════════╗
║  GATE ──▶ TS-808 ──▶ AMP+CAB ──▶ REVERB ──▶ OUTPUT                                                                                                                     ║
║════════════════════════════════════════════════════════════════════════════════════════════════════════════════════════════════════════════════════════════════════════║
║  INPUT  ▐░░░░░░░░░░░░░░░░░░░░░░░░░░░░░░░░░░░░░░░░░░░░░░░░░░░░░░░░░░░░░░░░░░░░░░░░░░░░░░░░░░░░░░░░░░░░░░░░░░░░░░░░░░░░░░░░░░░░░░░░░░░░░░░░░░░░░░░░░░░░░░░░░░░▌          ║
║ OUTPUT  ▐░░░░░░░░░░░░░░░░░░░░░░░░░░░░░░░░░░░░░░░░░░░░░░░░░░░░░░░░░░░░░░░░░░░░░░░░░░░░░░░░░░░░░░░░░░░░░░░░░░░░░░░░░░░░░░░░░░░░░░░░░░░░░░░░░░░░░░░░░░░░░░░░░░░▌          ║
║         -60        -48        -36        -24        -12       -6     0 dB    0W  -120.0 dB                                                                             ║
║┏━━━━━━━━━━━━━━━━━━━━━━━━━━━━━━━━━━━━━━━━━━━━━━━━━━━━━━━━━━━━━━━━━━━━━━━━━━━━━━━━━━━━━━━━━━━━━━━━━━━━━━━━━━━━━━━━━━━━━━━━━━━━━━━━━━━━━━━━━━━━━━━━━━━━━━━━━━━━━━━━━━━━━━┓║
║┃  AMP  [ JCM800 ]  ◀ DUAL RECT ▶  [ RANDALL ]  [ AC30 ]  [ DR103 ]  ↑/↓  A           CAB  ◀ MESA V30 ▶  [ MARSH GB ]  [ ORANGE ]  [ WEM FANE ]  C to toggle           ┃║
║┗━━━━━━━━━━━━━━━━━━━━━━━━━━━━━━━━━━━━━━━━━━━━━━━━━━━━━━━━━━━━━━━━━━━━━━━━━━━━━━━━━━━━━━━━━━━━━━━━━━━━━━━━━━━━━━━━━━━━━━━━━━━━━━━━━━━━━━━━━━━━━━━━━━━━━━━━━━━━━━━━━━━━━━┛║
║┏┤ MESA DUAL RECTIFIER ├━━━━━━━━━━━━━╔ K E Y B I N D I N G S ════════════════════════════════════════════════════════════════════╗━━━━━━━━━━━━━━━━━━━━━━━┤ 🎙 MESA V30 ├┓║
║┃          ···                    ···║Play & edit                                                                                ║           ◇··       ···       ···   ┃║
║┃         · ● ◇                  · ● ║  Tab / Shift-Tab  move between sections                                                   ║          · ● ·     · ● ·     · ● ·  ┃║
║┃          · ·                    · ◇║  ←/→  ↑/↓  +/−  knob / adjust value                                                       ║           · ·       ◇ ·       ◇ ·   ┃║
║┃       GAIN 7.5               BASS 1║  Space  toggle pedal (or transport on the timeline)                                       ║         MIC 4.0  BLEND 0.0 ROOM 0.0 ┃║
║┃▚▞▚▞▚▞▚▞▚▞▚▞▚▞▚▞▚▞▚▞▚▞▚▞▚▞▚▞▚▞▚▞▚▞▚▞║  D  remove pedal from the board                                                           ║▞▚▞▚▞▚▞▚▞▚▞▚▞▚▞▚▞▚▞▚▞▚▞▚▞▚▞▚▞▚▞▚▞▚▞▚▞┃║
║┗━━━━━━━━━━━━━━━━━━━━━━━━━━━━━━━━━━━━║  [ / ]  move pedal (or amp+cab) in the chain                                              ║━━━━━━━━━━━━━━━━━━━━━━━━━━━━━━━━━━━━━┛║
║┌ GUITAR RIG ────────────────────────║  A / C  next amp / cabinet                                                                ║─────────────────────────────────────┐║
║│╔ NOISE GATE ◉ ═════════════════════║  I / X  IR browser / IR bypass                                                            ║ADD ════════════════════════════════╗│║
║│║                2.0  3.0           ║  O  change audio devices                                                                  ║               ＋                    ║│║
║│║                ▗▄▄▄▄▄▄▄▖          ║  Z / U  amp-plugin bypass / browser                                                       ║                                    ║│║
║│╚═══════════════════════════════════║Tools                                                                                      ║════════════════════════════════════╝│║
║│┏┤ SELECT A PEDAL — Tab / ←→ ├━━━━━━║  P  preset browser                                                                        ║━━━━━━━━━━━━━━━━━━━━━━━━━━━━━━━━━━━━┓│║
║│┃                                   ║  S  save current rig as preset                                                            ║                                    ┃│║
║│┃                                   ║  T  chromatic tuner                                                                       ║                                    ┃│║
║│┃                                   ║  M  practice metronome (+/− tempo, Space on/off)                                          ║                                    ┃│║
║│┃                                   ║  V  plugin browser                                                                        ║                                    ┃│║
║│┃                                   ║  R  start / stop recording (take lands on the timeline)                                   ║                                    ┃│║
║│┗━━━━━━━━━━━━━━━━━━━━━━━━━━━━━━━━━━━║  Q / Ctrl-C  quit                                                                         ║━━━━━━━━━━━━━━━━━━━━━━━━━━━━━━━━━━━━┛│║
║└────────────────────────────────────║Practice & panels                                                                          ║─────────────────────────────────────┘║
║                                     ║  B  practice-track browser (MP3 / WAV / FLAC)                                             ║                                      ║
║                                     ║  1 / 2 / 3  show / hide board, amp, timeline                                              ║                                      ║
║                                     ║Preset browser                                                                             ║                                      ║
║                                     ║  ↑/↓  Enter  navigate / apply (audio uninterrupted)                                       ║                                      ║
║                                     ║  S / E / I  save / export / import                                                        ║                                      ║
║                                     ║  D  delete (user presets only)                                                            ║                                      ║
║                                     ║Timeline (focused)                                                                         ║                                      ║
║                                     ║  Space  play / pause, or mute the selected track                                          ║                                      ║
║                                     ║  ↑/↓  ←/→  select line / seek ±5 s                                                        ║                                      ║
║                                     ║  [ / ]  L  loop in-point / out-point, toggle loop                                         ║                                      ║
║                                     ║  Del  delete selected track                                                               ║                                      ║
║                                     ║                                                                                           ║                                      ║
║                                     ║                                                                                           ║                                      ║
║                                     ║                                                                                           ║                                      ║
║                                     ║                                       Esc / K close                                       ║                                      ║
║                                     ╚═══════════════════════════════════════════════════════════════════════════════════════════╝                                      ║
║                                                                                                                                                                        ║
║                                                                                                                                                                        ║
║                                                                                                                                                                        ║
║                                                                                                                                                                        ║
║                                                                                                                                                                        ║
║                                                                                                                                                                        ║
║                                                                                                                                                                        ║
║                                                                                                                                                                        ║
║                                                                                                                                                                        ║
╚════════════════════════════════════════════════════════════════════════════════════════════════════════════════════════════════════════════════════════════════════════╝
