---
source: src/ui/draw.rs
expression: text
---
╔════════════════════════════════════════════════════════════════════════════════════════════════════════════════════════════════════════════════════════════════════════╗
║  GATE ──▶ TS-808 ──▶ AMP+CAB ──▶ REVERB ──▶ OUTPUT                                                                                                                     ║
║════════════════════════════════════════════════════════════════════════════════════════════════════════════════════════════════════════════════════════════════════════║
║  INPUT  ▐░░░░░░░░░░░░░░░░░░░░░░░░░░░░░░░░░░░░░░░░░░░░░░░░░░░░░░░░░░░░░░░░░░░░░░░░░░░░░░░░░░░░░░░░░░░░░░░░░░░░░░░░░░░░░░░░░░░░░░░░░░░░░░░░░░░░░░░░░░░░░░░░░░░▌          ║
║ OUTPUT  ▐░░░░░░░░░░░░░░░░░░░░░░░░░░░░░░░░░░░░░░░░░░░░░░░░░░░░░░░░░░░░░░░░░░░░░░░░░░░░░░░░░░░░░░░░░░░░░░░░░░░░░░░░░░░░░░░░░░░░░░░░░░░░░░░░░░░░░░░░░░░░░░░░░░░▌          ║
║         -60        -48        -36        -24        -12       -6     0 dB    0W  -120.0 dB                                                                             ║
║┏━━━━━━━━━━━━━━━━━━━━━━━━━━━━━━━━━━━━━━━━━━━━━━━━━━━━━━━━━━━━━━━━━━━━━━━━━━━━━━━━━━━━━━━━━━━━━━━━━━━━━━━━━━━━━━━━━━━━━━━━━━━━━━━━━━━━━━━━━━━━━━━━━━━━━━━━━━━━━━━━━━━━━━┓║
║┃  AMP  [ JCM800 ]  ◀ DUAL RECT ▶  [ RANDALL ]  [ AC30 ]  [ DR103 ]  ↑/↓  A           CAB  ◀ MESA V30 ▶  [ MARSH GB ]  [ ORANGE ]  [ WEM FANE ]  C to toggle           ┃║
║┗━━━━━━━━━━━━━━━━━━━━━━━━━━━━━━━━╔ P R E S E T S ═════════════════════════════════════════════════════════════════════════════════════╗━━━━━━━━━━━━━━━━━━━━━━━━━━━━━━━━┛║
║┏┤ MESA DUAL RECTIFIER ├━━━━━━━━━║  Default values                                                                                    ║━━━━━━━━━━━━━━━━━━┤ 🎙 MESA V30 ├┓║
║┃          ···                   ║  Clean Combo  sparkly cleans                                                                       ║      ◇··       ···       ···   ┃║
║┃         · ● ◇                  ║▶ My Lead  saved rig  [user]                                                                        ║     · ● ·     · ● ·     · ● ·  ┃║
║┃          · ·                   ║                                                                                                    ║      · ·       ◇ ·       ◇ ·   ┃║
║┃       GAIN 7.5               BA║                                                                                                    ║    MIC 4.0  BLEND 0.0 ROOM 0.0 ┃║
║┃▚▞▚▞▚▞▚▞▚▞▚▞▚▞▚▞▚▞▚▞▚▞▚▞▚▞▚▞▚▞▚▞║                                                                                                    ║▚▞▚▞▚▞▚▞▚▞▚▞▚▞▚▞▚▞▚▞▚▞▚▞▚▞▚▞▚▞▚▞┃║
║┗━━━━━━━━━━━━━━━━━━━━━━━━━━━━━━━━║                                                                                                    ║━━━━━━━━━━━━━━━━━━━━━━━━━━━━━━━━┛║
║┌ GUITAR RIG ────────────────────║                                                                                                    ║────────────────────────────────┐║
║│╔ NOISE GATE ◉ ═════════════════║                                                                                                    ║═══════════════════════════════╗│║
║│║                2.0  3.0       ║                                                                                                    ║          ＋                    ║│║
║│║                ▗▄▄▄▄▄▄▄▖      ║                                                                                                    ║                               ║│║
║│╚═══════════════════════════════║                                                                                                    ║═══════════════════════════════╝│║
║│┏┤ SELECT A PEDAL — Tab / ←→ ├━━║                                                                                                    ║━━━━━━━━━━━━━━━━━━━━━━━━━━━━━━━┓│║
║│┃                               ║                                                                                                    ║                               ┃│║
║│┃                               ║                                                                                                    ║                               ┃│║
║│┃                               ║                                                                                                    ║                               ┃│║
║│┃                               ║                                                                                                    ║                               ┃│║
║│┃                               ║                                                                                                    ║                               ┃│║
║│┗━━━━━━━━━━━━━━━━━━━━━━━━━━━━━━━║                                                                                                    ║━━━━━━━━━━━━━━━━━━━━━━━━━━━━━━━┛│║
║└────────────────────────────────║                                                                                                    ║────────────────────────────────┘║
║                                 ║                                                                                                    ║                                 ║
║                                 ║                                                                                                    ║                                 ║
║                                 ║                                                                                                    ║                                 ║
║                                 ║                                                                                                    ║                                 ║
║                                 ║                                                                                                    ║                                 ║
║                                 ║                                                                                                    ║                                 ║
║                                 ║                                                                                                    ║                                 ║
║                                 ║                                                                                                    ║                                 ║
║                                 ║                                                                                                    ║                                 ║
║                                 ║                                                                                                    ║                                 ║
║                                 ║                                                                                                    ║                                 ║
║                                 ║                                                                                                    ║                                 ║
║                                 ║                                                                                                    ║                                 ║
║                                 ║                                                                                                    ║                                 ║
║                                 ║           ↑/↓ navigate  Enter apply  S save  E export  I import  D delete  Esc / P close           ║                                 ║
║                                 ║                                            ● user preset                                           ║                                 ║
║                                 ╚════════════════════════════════════════════════════════════════════════════════════════════════════╝                                 ║
║                                                                                                                                                                        ║
║                                                                                                                                                                        ║
║                                                                                                                                                                        ║
║                                                                                                                                                                        ║
║                                                                                                                                                                        ║
║                                                                                                                                                                        ║
║                                                                                                                                                                        ║
║                                                                                                                                                                        ║
╚════════════════════════════════════════════════════════════════════════════════════════════════════════════════════════════════════════════════════════════════════════╝
