---
source: src/ui/draw.rs
expression: text
---
                                                                                                                                                                          
┌────────────────────────────────────────────────────────────────────────────────────────────────────────────────────────────────────────────────────────────────[ ] move┐
│  GATE ──▶ TS-808 ──▶ AMP+CAB ──▶ REVERB ──▶ OUTPUT                                                                   IN ▐░░░░░░░░░░▌          OUT ▐░░░░░░░░░▌          │
└────────────────────────────────────────────────────────────────────────────────────────────────────────────────────────────────────────────────────────────────────────┘
┏┤ MESA DUAL RECTIFIER ├━━━━━━━━━━━━━━━━━━━━━━━━━━━━━━━━━━━━━━━━━━━━━━━━━━━━━━━━━━━━━━━━━━━━━━━━━━━━━━━━━━━━━━━━━━━━━━┓┏━━━━━━━━━━━━━━━━━━━━━━━━━━━━━━━━━━━┤ 🎙 MESA V30 ├┓
┃  AMP  [ JCM800 ]  ◀ DUAL RECT ▶  [ RANDALL ]  [ AC30 ]  [ DR103 ]  ↑/↓  A                                           ┃┃  CAB  ◀ MESA V30 ▶  [ MARSH GB ]  [ ORANGE ]  [ ┃
┃                                                                                                                     ┃┃                                                 ┃
┃         ···                ···                 ···                ··◇                 ◇··                ·◇·        ┃┃       ◇··             ···              ···      ┃
┃        · ● ◇              · ● · ╔ C A B I N E T   I R s ═════════════════════════════════════════════════════════════════════════════╗      · ● ·            · ● ·     ┃
┃         · ·                · ◇  ║▶ Built-in cabs (no IR)                                                                             ║       ◇ ·              ◇ ·      ┃
┃      GAIN 7.5           BASS 10.║  (no .wav IRs found — drop files in ./irs or ~/.config/rusty-amp/irs)                              ║    BLEND 0.0        ROOM 0.0    ┃
┃                                 ║                                                                                                    ║                                 ┃
┃                                 ║                                                                                                    ║                                 ┃
┃▚▞▚▞▚▞▚▞▚▞▚▞▚▞▚▞▚▞▚▞▚▞▚▞▚▞▚▞▚▞▚▞▚║                                                                                                    ║▚▞▚▞▚▞▚▞▚▞▚▞▚▞▚▞▚▞▚▞▚▞▚▞▚▞▚▞▚▞▚▞▚┃
┗━━━━━━━━━━━━━━━━━━━━━━━━━━━━━━━━━║                                                                                                    ║━━━━━━━━━━━━━━━━━━━━━━━━━━━━━━━━━┛
┌ GUITAR RIG ─────────────────────║                                                                                                    ║─────────────────────────────────┐
│┌ NOISE GATE ◉ ──────────────────║                                                                                                    ║────────────────────────────────┐│
││                2.0  3.0        ║                                                                                                    ║           ＋                    ││
││                ▗▄▄▄▄▄▄▄▖       ║                                                                                                    ║                                ││
│└────────────────────────────────║                                                                                                    ║────────────────────────────────┘│
││├───────────────────────────────║                                                                                                    ║───────────────────────────────┤││
││SELECT A PEDAL — ←→             ║                                                                                                    ║                                ││
││                                ║                                                                                                    ║                                ││
││                                ║                                                                                                    ║                                ││
││                                ║                                                                                                    ║                                ││
││                                ║                                                                                                    ║                                ││
││                                ║                                                                                                    ║                                ││
│└────────────────────────────────║                                                                                                    ║────────────────────────────────┘│
└─────────────────────────────────║                                                                                                    ║─────────────────────────────────┘
                                  ║                                                                                                    ║                                  
                                  ║                                                                                                    ║                                  
                                  ║                                                                                                    ║                                  
                                  ║                                                                                                    ║                                  
                                  ║                                                                                                    ║                                  
                                  ║                                                                                                    ║                                  
                                  ║                                                                                                    ║                                  
                                  ║                                                                                                    ║                                  
                                  ║                                                                                                    ║                                  
                                  ║                                                                                                    ║                                  
                                  ║                                                                                                    ║                                  
                                  ║                                                                                                    ║                                  
                                  ║                                                                                                    ║                                  
                                  ║                                                                                                    ║                                  
                                  ║                        ↑/↓ navigate  Enter load/clear  X A/B  Esc / I close                        ║                                  
                                  ║                                 no IR loaded — using built-in cabs                                 ║                                  
                                  ╚════════════════════════════════════════════════════════════════════════════════════════════════════╝
