---
source: src/ui/draw.rs
expression: text
---
┌────────────────────────────────────────────────────────────────────────────────────────────────────────────────────────────────────────────────────────────────[ ] move┐
│  GATE ──▶ TS-808 ──▶ AMP ──▶ CAB ──▶ REVERB ──▶ OUTPUT                                                               IN uncal▐░░░░░▌          OUT ▐░░░░░░░░░▌          │
└────────────────────────────────────────────────────────────────────────────────────────────────────────────────────────────────────────────────────────────────────────┘
┏┤ MESA DUAL RECTIFIER ├━━━━━━━━━━━━━━━━━━━━━━━━━━━━━━━━━━━━━━━━━━━━━━━━━━━━━━━━━━━━━━━━━━━━━━━━━━━━━━━━━━━━━━━━━━━━━━┓┏━━━━━━━━━━━━━━━━━━━━━━━━━━━━━━━━━━━┤ 🎙 MESA V30 ├┓
┃                                                                                                                     ┃┃                                                 ┃
┃         ···                ···                 ···                ··◇                 ◇··                ·◇·        ┃┃       ◇··             ···              ···      ┃
┃        · ● ◇              · ● ·               · ● ·              · ● ·               · ● ·              · ● ·       ┃┃      · ● ·           · ● ·            · ● ·     ┃
┃         · ·                · ◇                 ◇ ·                · ·                 · ·                · ·        ┃┃       · ·             ◇ ·              ◇ ·      ┃
┃      GAIN 7.5           BASS 10.╔ C A B I N E T   I R s ═════════════════════════════════════════════════════════════════════════════╗    BLEND 0.0        ROOM 0.0    ┃
┃                                 ║▶ Built-in cabs (no IR)                                                                             ║                                 ┃
┃                                 ║  (no .wav IRs found — drop files in ./irs or ~/.config/rusty-riff/irs)                             ║                                 ┃
┃▚▞▚▞▚▞▚▞▚▞▚▞▚▞▚▞▚▞▚▞▚▞▚▞▚▞▚▞▚▞▚▞▚║                                                                                                    ║▚▞▚▞▚▞▚▞▚▞▚▞▚▞▚▞▚▞▚▞▚▞▚▞▚▞▚▞▚▞▚▞▚┃
┗━━━━━━━━━━━━━━━━━━━━━━━━━━━━━━━━━║                                                                                                    ║━━━━━━━━━━━━━━━━━━━━━━━━━━━━━━━━━┛
┌ GUITAR RIG ─────────────────────║                                                                                                    ║─────────────────────────────────┐
│┌ NOISE GATE ◉ ──────────────────║                                                                                                    ║────────────────────────────────┐│
││                2.0  3.0        ║                                                                                                    ║           ＋                    ││
│└────────────────────────────────║                                                                                                    ║────────────────────────────────┘│
││├───────────────────────────────║                                                                                                    ║───────────────────────────────┤││
││SELECT A PEDAL — ←→             ║                                                                                                    ║                                ││
││                                ║                                                                                                    ║                                ││
││                                ║                                                                                                    ║                                ││
││                                ║                                                                                                    ║                                ││
││                                ║                                                                                                    ║                                ││
││                                ║                                                                                                    ║                                ││
│└────────────────────────────────║                                                                                                    ║────────────────────────────────┘│
└─────────────────────────────────║                                                                                                    ║─────────────────────────────────┘
                                  ║                                                                                                    ║                                  
                                  ║                                                                                                    ║                                  
                                  ║                                                                                                    ║                                  
                                  ║                                                                                                    ║                                  
                                  ║                                                                                                    ║                                  
                                  ║                                                                                                    ║                                  
                                  ║                                                                                                    ║                                  
                                  ║                                                                                                    ║                                  
                                  ║                                                                                                    ║                                  
                                  ║                                                                                                    ║                                  
                                  ║                                                                                                    ║                                  
                                  ║                                                                                                    ║                                  
                                  ║                                                                                                    ║                                  
                                  ║                                                                                                    ║                                  
                                  ║                                                                                                    ║                                  
                                  ║                                                                                                    ║                                  
                                  ║                                                                                                    ║                                  
                                  ║                        ↑/↓ navigate  Enter load/clear  X A/B  Esc / I close                        ║                                  
                                  ║                                 no IR loaded — using built-in cabs                                 ║                                  
                                  ╚════════════════════════════════════════════════════════════════════════════════════════════════════╝
