---
source: src/ui/draw.rs
expression: text
---
  GATE ──▶ TS-808 ──▶ AMP+CAB ──▶ REVERB ──▶ OUTPUT                                  IN ▐░░░░░░░░░░░░░░░░░░░░░░░░░░░░▌          OUT ▐░░░░░░░░░░░░░░░░░░░░░░░░░░▌          
══════════════════════════════════════════════════════════════════════════════════════════════════════════════════════════════════════════════════════════════════════════
┏┤ MESA DUAL RECTIFIER ├━━━━━━━━━━━━━━━━━━━━━━━━━━━━━━━━━━━━━━━━━━━━━━━━━━━━━━━━━━━━━━━━━━━━━━━━━━━━━━━━━━━━━━━━━━━━━━━━━━━━━━━━━━━━━━━━━━━━━━━━━━━━━━━━━━━┤ 🎙 MESA V30 ├┓
┃  AMP  [ JCM800 ]  ◀ DUAL RECT ▶  [ RANDALL ]  [ AC30 ]  [ DR103 ]  ↑/↓  A            CAB  ◀ MESA V30 ▶  [ MARSH GB ]  [ ORANGE ]  [ WEM FANE ]  C to toggle            ┃
┃          ···                    ···                    ···                    ··◇                    ◇··                    ·◇·              ◇··       ···       ···   ┃
┃         · ● ◇                  · ● ·                  · ● ·                  · ● ·                  · ● ·                  · ● ·            · ● ·     · ● ·     · ● ·  ┃
┃          · ·                    · ◇                    ◇ ·                    · ·                    · ·                    · ·              · ·       ◇ ·       ◇ ·   ┃
┃       GAIN 7.5               BASS 10.0               MID 0.0              TREBLE 6.5            PRESENCE 4.0            MASTER 5.5         MIC 4.0  BLEND 0.0 ROOM 0.0 ┃
┃▚▞▚▞▚▞▚▞▚▞▚▞▚▞▚▞▚▞▚▞▚▞▚▞▚▞▚▞▚▞▚▞▚╔ C L A P   P L U G I N S ═══════════════════════════════════════════════════════════════════════════╗▞▚▞▚▞▚▞▚▞▚▞▚▞▚▞▚▞▚▞▚▞▚▞▚▞▚▞▚▞▚▞▚▞┃
┗━━━━━━━━━━━━━━━━━━━━━━━━━━━━━━━━━║▶ None — bypass insert                                                                              ║━━━━━━━━━━━━━━━━━━━━━━━━━━━━━━━━━┛
┌ GUITAR RIG ─────────────────────║  (no CLAP plugins found in the standard locations)                                                 ║─────────────────────────────────┐
│╔ NOISE GATE ◉ ══════════════════║                                                                                                    ║════════════════════════════════╗│
│║                2.0  3.0        ║                                                                                                    ║           ＋                    ║│
│║                ▗▄▄▄▄▄▄▄▖       ║                                                                                                    ║                                ║│
│╚════════════════════════════════║                                                                                                    ║════════════════════════════════╝│
│┏┤ SELECT A PEDAL — ←→ ├━━━━━━━━━║                                                                                                    ║━━━━━━━━━━━━━━━━━━━━━━━━━━━━━━━━┓│
│┃                                ║                                                                                                    ║                                ┃│
│┃                                ║                                                                                                    ║                                ┃│
│┃                                ║                                                                                                    ║                                ┃│
│┃                                ║                                                                                                    ║                                ┃│
│┗━━━━━━━━━━━━━━━━━━━━━━━━━━━━━━━━║                                                                                                    ║━━━━━━━━━━━━━━━━━━━━━━━━━━━━━━━━┛│
└─────────────────────────────────║                                                                                                    ║─────────────────────────────────┘
                                  ║                                                                                                    ║                                  
                                  ║                                                                                                    ║                                  
                                  ║                                                                                                    ║                                  
                                  ║                                                                                                    ║                                  
                                  ║                                                                                                    ║                                  
                                  ║                                                                                                    ║                                  
                                  ║                                                                                                    ║                                  
                                  ║                                                                                                    ║                                  
                                  ║                                                                                                    ║                                  
                                  ║                                                                                                    ║                                  
                                  ║                                                                                                    ║                                  
                                  ║                                                                                                    ║                                  
                                  ║                                                                                                    ║                                  
                                  ║                                                                                                    ║                                  
                                  ║                                                                                                    ║                                  
                                  ║                                                                                                    ║                                  
                                  ║                                                                                                    ║                                  
                                  ║                                                                                                    ║                                  
                                  ║                                                                                                    ║                                  
                                  ║                                                                                                    ║                                  
                                  ║                                                                                                    ║                                  
                                  ║                      ↑/↓ navigate  Enter load/clear  Tab params  Esc / V close                     ║                                  
                                  ║                                          no plugin loaded                                          ║                                  
                                  ╚════════════════════════════════════════════════════════════════════════════════════════════════════╝
