---
source: src/ui/draw.rs
expression: text
---
╔════════════════════════════════════════════════════════════════════════════════════════════════════════════════════════════════════════════════════════════════════════╗
║  GATE ──▶ TS-808 ──▶ AMP+CAB ──▶ REVERB ──▶ OUTPUT                                                                                                                     ║
║════════════════════════════════════════════════════════════════════════════════════════════════════════════════════════════════════════════════════════════════════════║
║  INPUT  ▐░░░░░░░░░░░░░░░░░░░░░░░░░░░░░░░░░░░░░░░░░░░░░░░░░░░░░░░░░░░░░░░░░░░░░░░░░░░░░░░░░░░░░░░░░░░░░░░░░░░░░░░░░░░░░░░░░░░░░░░░░░░░░░░░░░░░░░░░░░░░░░░░░░░▌          ║
║ OUTPUT  ▐░░░░░░░░░░░░░░░░░░░░░░░░░░░░░░░░░░░░░░░░░░░░░░░░░░░░░░░░░░░░░░░░░░░░░░░░░░░░░░░░░░░░░░░░░░░░░░░░░░░░░░░░░░░░░░░░░░░░░░░░░░░░░░░░░░░░░░░░░░░░░░░░░░░▌          ║
║         -60        -48        -36        -24        -12       -6     0 dB    0W  -120.0 dB                                                                             ║
║┏━━━━━━━━━━━━━━━━━━━━━━━━━━━━━━━━━━━━━━━━━━━━━━━━━━━━━━━━━━━━━━━━━━━━━━━━━━━━━━━━━━━━━━━━━━━━━━━━━━━━━━━━━━━━━━━━━━━━━━━━━━━━━━━━━━━━━━━━━━━━━━━━━━━━━━━━━━━━━━━━━━━━━━┓║
║┃  AMP  [ JCM800 ]  ◀ DUAL RECT ▶  [ RANDALL ]  [ AC30 ]  [ DR103 ]  ↑/↓  A           CAB  ◀ MESA V30 ▶  [ MARSH GB ]  [ ORANGE ]  [ WEM FANE ]  C to toggle           ┃║
║┗━━━━━━━━━━━━━━━━━━━━━━━━━━━━━━━━╔ C A B I N E T   I R s ═════════════════════════════════════════════════════════════════════════════╗━━━━━━━━━━━━━━━━━━━━━━━━━━━━━━━━┛║
║┏┤ MESA DUAL RECTIFIER ├━━━━━━━━━║▶ Built-in cabs (no IR)                                                                             ║━━━━━━━━━━━━━━━━━━┤ 🎙 MESA V30 ├┓║
║┃          ···                   ║  (no .wav IRs found — drop files in ./irs or ~/.config/rusty-amp/irs)                              ║      ◇··       ···       ···   ┃║
║┃         · ● ◇                  ║                                                                                                    ║     · ● ·     · ● ·     · ● ·  ┃║
║┃          · ·                   ║                                                                                                    ║      · ·       ◇ ·       ◇ ·   ┃║
║┃       GAIN 7.5               BA║                                                                                                    ║    MIC 4.0  BLEND 0.0 ROOM 0.0 ┃║
║┃▚▞▚▞▚▞▚▞▚▞▚▞▚▞▚▞▚▞▚▞▚▞▚▞▚▞▚▞▚▞▚▞║                                                                                                    ║▚▞▚▞▚▞▚▞▚▞▚▞▚▞▚▞▚▞▚▞▚▞▚▞▚▞▚▞▚▞▚▞┃║
║┗━━━━━━━━━━━━━━━━━━━━━━━━━━━━━━━━║                                                                                                    ║━━━━━━━━━━━━━━━━━━━━━━━━━━━━━━━━┛║
║┌ GUITAR RIG ────────────────────║                                                                                                    ║────────────────────────────────┐║
║│╔ NOISE GATE ◉ ═════════════════║                                                                                                    ║═══════════════════════════════╗│║
║│║                2.0  3.0       ║                                                                                                    ║          ＋                    ║│║
║│║                ▗▄▄▄▄▄▄▄▖      ║                                                                                                    ║                               ║│║
║│╚═══════════════════════════════║                                                                                                    ║═══════════════════════════════╝│║
║│┏┤ SELECT A PEDAL — ←→ ├━━━━━━━━║                                                                                                    ║━━━━━━━━━━━━━━━━━━━━━━━━━━━━━━━┓│║
║│┃                               ║                                                                                                    ║                               ┃│║
║│┃                               ║                                                                                                    ║                               ┃│║
║│┃                               ║                                                                                                    ║                               ┃│║
║│┃                               ║                                                                                                    ║                               ┃│║
║│┃                               ║                                                                                                    ║                               ┃│║
║│┗━━━━━━━━━━━━━━━━━━━━━━━━━━━━━━━║                                                                                                    ║━━━━━━━━━━━━━━━━━━━━━━━━━━━━━━━┛│║
║└────────────────────────────────║                                                                                                    ║────────────────────────────────┘║
║                                 ║                                                                                                    ║                                 ║
║                                 ║                                                                                                    ║                                 ║
║                                 ║                                                                                                    ║                                 ║
║                                 ║                                                                                                    ║                                 ║
║                                 ║                                                                                                    ║                                 ║
║                                 ║                                                                                                    ║                                 ║
║                                 ║                                                                                                    ║                                 ║
║                                 ║                                                                                                    ║                                 ║
║                                 ║                                                                                                    ║                                 ║
║                                 ║                                                                                                    ║                                 ║
║                                 ║                                                                                                    ║                                 ║
║                                 ║                                                                                                    ║                                 ║
║                                 ║                                                                                                    ║                                 ║
║                                 ║                                                                                                    ║                                 ║
║                                 ║                        ↑/↓ navigate  Enter load/clear  X A/B  Esc / I close                        ║                                 ║
║                                 ║                                 no IR loaded — using built-in cabs                                 ║                                 ║
║                                 ╚════════════════════════════════════════════════════════════════════════════════════════════════════╝                                 ║
║                                                                                                                                                                        ║
║                                                                                                                                                                        ║
║                                                                                                                                                                        ║
║                                                                                                                                                                        ║
║                                                                                                                                                                        ║
║                                                                                                                                                                        ║
║                                                                                                                                                                        ║
║                                                                                                                                                                        ║
╚════════════════════════════════════════════════════════════════════════════════════════════════════════════════════════════════════════════════════════════════════════╝
