---
source: src/ui/draw.rs
expression: text
---
                                                                                                                                                                          
┌────────────────────────────────────────────────────────────────────────────────────────────────────────────────────────────────────────────────────────────────[ ] move┐
│  GATE ──▶ TS-808 ──▶ AMP+CAB ──▶ REVERB ──▶ OUTPUT                                                                   IN ▐░░░░░░░░░░▌          OUT ▐░░░░░░░░░▌          │
└────────────────────────────────────────────────────────────────────────────────────────────────────────────────────────────────────────────────────────────────────────┘
┏┤ MESA DUAL RECTIFIER ├━━━━━━━━━━━━━━━━━━━━━━━━━━━━━━━━━━━━━━━━━━━━━━━━━━━━━━━━━━━━━━━━━━━━━━━━━━━━━━━━━━━━━━━━━━━━━━━━━━━━━━━━━━━━━━━━━━━━━━━━━━━━━━━━━━━┤ 🎙 MESA V30 ├┓
┃  AMP  [ JCM800 ]  ◀ DUAL RECT ▶  [ RANDALL ]  [ AC30 ]  [ DR103 ]  ↑/↓  A            CAB  ◀ MESA V30 ▶  [ MARSH GB ]  [ ORANGE ]  [ WEM FANE ]  C to toggle            ┃
┃          ···                    ···                    ···                    ··◇                    ◇··                    ·◇·              ◇··       ···       ···   ┃
┃         · ● ◇                  · ● ·                  · ● ·                  · ● ·                  · ● ·                  · ● ·            · ● ·     · ● ·     · ● ·  ┃
┃          · ·                    · ◇ ╔ S A V E   P R E S E T ════════════════════════════════════════════════════════════════════╗            · ·       ◇ ·       ◇ ·   ┃
┃       GAIN 7.5               BASS 10║Name:                                                                                      ║5         MIC 4.0  BLEND 0.0 ROOM 0.0 ┃
┃▚▞▚▞▚▞▚▞▚▞▚▞▚▞▚▞▚▞▚▞▚▞▚▞▚▞▚▞▚▞▚▞▚▞▚▞▚║My Lead█                                                                                   ║▚▞▚▞▚▞▚▞▚▞▚▞▚▞▚▞▚▞▚▞▚▞▚▞▚▞▚▞▚▞▚▞▚▞▚▞▚▞┃
┗━━━━━━━━━━━━━━━━━━━━━━━━━━━━━━━━━━━━━║───────────────────────────────────────────────────────────────────────────────────────────║━━━━━━━━━━━━━━━━━━━━━━━━━━━━━━━━━━━━━━┛
┌ GUITAR RIG ─────────────────────────║                                                                                           ║──────────────────────────────────────┐
│╔ NOISE GATE ◉ ══════════════════════║Description (optional):                                                                    ║ADD ═════════════════════════════════╗│
│║                2.0  3.0            ║warm mid-gain                                                                              ║                ＋                    ║│
│║                ▗▄▄▄▄▄▄▄▖           ║───────────────────────────────────────────────────────────────────────────────────────────║                                     ║│
│╚════════════════════════════════════║                                                                                           ║═════════════════════════════════════╝│
│┏┤ SELECT A PEDAL — ←→ ├━━━━━━━━━━━━━║                                                                                           ║━━━━━━━━━━━━━━━━━━━━━━━━━━━━━━━━━━━━━┓│
│┃                                    ║                                                                                           ║                                     ┃│
│┃                                    ║                                                                                           ║                                     ┃│
│┃                                    ║                                                                                           ║                                     ┃│
│┃                                    ║                                                                                           ║                                     ┃│
│┗━━━━━━━━━━━━━━━━━━━━━━━━━━━━━━━━━━━━║                                                                                           ║━━━━━━━━━━━━━━━━━━━━━━━━━━━━━━━━━━━━━┛│
└─────────────────────────────────────║                                                                                           ║──────────────────────────────────────┘
                                      ║                                                                                           ║                                       
                                      ║                                                                                           ║                                       
                                      ║                                                                                           ║                                       
                                      ║                                                                                           ║                                       
                                      ║                                                                                           ║                                       
                                      ║                                                                                           ║                                       
                                      ║                                                                                           ║                                       
                                      ║                                                                                           ║                                       
                                      ║                                                                                           ║                                       
                                      ║                                                                                           ║                                       
                                      ║                                                                                           ║                                       
                                      ║                                                                                           ║                                       
                                      ║                                                                                           ║                                       
                                      ║                                                                                           ║                                       
                                      ║                                                                                           ║                                       
                                      ║                                                                                           ║                                       
                                      ║                                                                                           ║                                       
                                      ║                                                                                           ║                                       
                                      ║                                                                                           ║                                       
                                      ║                                                                                           ║                                       
                                      ║                          Tab next field  Enter save  Esc cancel                           ║                                       
                                      ╚═══════════════════════════════════════════════════════════════════════════════════════════╝
